<?xml version="1.0" encoding="utf-8"?><testsuites><testsuite name="pytest" errors="0" failures="0" skipped="0" tests="0" time="0.240" timestamp="2023-09-25T17:41:04.565090" hostname="Yugesh" /></testsuites>